// Jest Snapshot v1, https://goo.gl/fbAQLP

exports[`validator module casters throws if value is not castable to boolean 1`] = `"Cannot cast >>hi<< to Boolean"`;

exports[`validator module casters throws if value is not castable to boolean 2`] = `"Cannot cast >>[object Object]<< to Boolean"`;

exports[`validator module casters throws if value is not castable to number 1`] = `"Cannot cast >>hi<< to Number"`;

exports[`validator module casters throws if value is not castable to number 2`] = `"Cannot cast >>[object Object]<< to Number"`;

exports[`validator module casters throws if value is not castable to string 1`] = `"Cannot cast >><< to String"`;